
 SWASH is preparing computation

+SWASH is processing output request    1
[  0%]   step 1
[  0%]   step 2
[  0%]   step 3
[  0%]   step 4
[  0%]   step 5
[  1%]   step 6
[  1%]   step 7
[  1%]   step 8
[  1%]   step 9
[  1%]   step 10
[  1%]   step 11
[  1%]   step 12
[  1%]   step 13
[  1%]   step 14
[  1%]   step 15
[  1%]   step 16
[  1%]   step 17
[  2%]   step 18
[  2%]   step 19
[  2%]   step 20
[  2%]   step 21
[  2%]   step 22
[  2%]   step 23
[  2%]   step 24
[  3%]   step 25
[  3%]   step 26
[  3%]   step 27
[  3%]   step 28
[  3%]   step 29
[  3%]   step 30
+SWASH is processing output request    1
[  4%]   step 31
[  4%]   step 32
[  4%]   step 33
[  4%]   step 34
[  4%]   step 35
[  4%]   step 36
[  5%]   step 37
[  5%]   step 38
[  5%]   step 39
[  5%]   step 40
[  5%]   step 41
[  5%]   step 42
[  6%]   step 43
[  6%]   step 44
[  6%]   step 45
[  6%]   step 46
[  6%]   step 47
[  6%]   step 48
[  7%]   step 49
[  7%]   step 50
+SWASH is processing output request    1
[  7%]   step 51
[  7%]   step 52
[  7%]   step 53
[  7%]   step 54
[  8%]   step 55
[  8%]   step 56
[  8%]   step 57
[  8%]   step 58
[  8%]   step 59
[  8%]   step 60
[  8%]   step 61
[  9%]   step 62
[  9%]   step 63
[  9%]   step 64
[  9%]   step 65
[  9%]   step 66
[  9%]   step 67
[ 10%]   step 68
[ 10%]   step 69
[ 10%]   step 70
+SWASH is processing output request    1
[ 10%]   step 71
[ 10%]   step 72
[ 10%]   step 73
[ 11%]   step 74
[ 11%]   step 75
[ 11%]   step 76
[ 11%]   step 77
[ 11%]   step 78
[ 11%]   step 79
[ 12%]   step 80
[ 12%]   step 81
[ 12%]   step 82
[ 12%]   step 83
[ 12%]   step 84
[ 12%]   step 85
[ 13%]   step 86
[ 13%]   step 87
[ 13%]   step 88
[ 13%]   step 89
[ 13%]   step 90
+SWASH is processing output request    1
[ 13%]   step 91
[ 14%]   step 92
[ 14%]   step 93
[ 14%]   step 94
[ 14%]   step 95
[ 14%]   step 96
[ 14%]   step 97
[ 15%]   step 98
[ 15%]   step 99
[ 15%]   step 100
[ 15%]   step 101
[ 15%]   step 102
[ 15%]   step 103
[ 16%]   step 104
[ 16%]   step 105
[ 16%]   step 106
[ 16%]   step 107
[ 16%]   step 108
[ 16%]   step 109
[ 17%]   step 110
+SWASH is processing output request    1
[ 17%]   step 111
[ 17%]   step 112
[ 17%]   step 113
[ 17%]   step 114
[ 17%]   step 115
[ 18%]   step 116
[ 18%]   step 117
[ 18%]   step 118
[ 18%]   step 119
[ 18%]   step 120
[ 18%]   step 121
[ 19%]   step 122
[ 19%]   step 123
[ 19%]   step 124
[ 19%]   step 125
[ 19%]   step 126
[ 19%]   step 127
[ 20%]   step 128
[ 20%]   step 129
[ 20%]   step 130
+SWASH is processing output request    1
[ 20%]   step 131
[ 20%]   step 132
[ 20%]   step 133
[ 21%]   step 134
[ 21%]   step 135
[ 21%]   step 136
[ 21%]   step 137
[ 21%]   step 138
[ 21%]   step 139
[ 22%]   step 140
[ 22%]   step 141
[ 22%]   step 142
[ 22%]   step 143
[ 22%]   step 144
[ 22%]   step 145
[ 23%]   step 146
[ 23%]   step 147
[ 23%]   step 148
[ 23%]   step 149
[ 23%]   step 150
+SWASH is processing output request    1
[ 23%]   step 151
[ 24%]   step 152
[ 24%]   step 153
[ 24%]   step 154
[ 24%]   step 155
[ 24%]   step 156
[ 24%]   step 157
[ 25%]   step 158
[ 25%]   step 159
[ 25%]   step 160
[ 25%]   step 161
[ 25%]   step 162
[ 25%]   step 163
[ 26%]   step 164
[ 26%]   step 165
[ 26%]   step 166
[ 26%]   step 167
[ 26%]   step 168
[ 26%]   step 169
[ 27%]   step 170
+SWASH is processing output request    1
[ 27%]   step 171
[ 27%]   step 172
[ 27%]   step 173
[ 27%]   step 174
[ 27%]   step 175
[ 28%]   step 176
[ 28%]   step 177
[ 28%]   step 178
[ 28%]   step 179
[ 28%]   step 180
[ 28%]   step 181
[ 29%]   step 182
[ 29%]   step 183
[ 29%]   step 184
[ 29%]   step 185
[ 29%]   step 186
[ 29%]   step 187
[ 30%]   step 188
[ 30%]   step 189
[ 30%]   step 190
+SWASH is processing output request    1
[ 30%]   step 191
[ 30%]   step 192
[ 30%]   step 193
[ 31%]   step 194
[ 31%]   step 195
[ 31%]   step 196
[ 31%]   step 197
[ 31%]   step 198
[ 32%]   step 199
[ 32%]   step 200
[ 32%]   step 201
[ 32%]   step 202
[ 32%]   step 203
[ 32%]   step 204
[ 33%]   step 205
[ 33%]   step 206
[ 33%]   step 207
[ 33%]   step 208
[ 33%]   step 209
[ 33%]   step 210
+SWASH is processing output request    1
[ 34%]   step 211
[ 34%]   step 212
[ 34%]   step 213
[ 34%]   step 214
[ 34%]   step 215
[ 34%]   step 216
[ 35%]   step 217
[ 35%]   step 218
[ 35%]   step 219
[ 35%]   step 220
[ 35%]   step 221
[ 35%]   step 222
[ 36%]   step 223
[ 36%]   step 224
[ 36%]   step 225
[ 36%]   step 226
[ 36%]   step 227
[ 36%]   step 228
[ 37%]   step 229
[ 37%]   step 230
+SWASH is processing output request    1
[ 37%]   step 231
[ 37%]   step 232
[ 37%]   step 233
[ 37%]   step 234
[ 38%]   step 235
[ 38%]   step 236
[ 38%]   step 237
[ 38%]   step 238
[ 38%]   step 239
[ 38%]   step 240
[ 39%]   step 241
[ 39%]   step 242
[ 39%]   step 243
[ 39%]   step 244
[ 39%]   step 245
[ 39%]   step 246
[ 40%]   step 247
[ 40%]   step 248
[ 40%]   step 249
[ 40%]   step 250
+SWASH is processing output request    1
[ 40%]   step 251
[ 40%]   step 252
[ 41%]   step 253
[ 41%]   step 254
[ 41%]   step 255
[ 41%]   step 256
[ 41%]   step 257
[ 41%]   step 258
[ 42%]   step 259
[ 42%]   step 260
[ 42%]   step 261
[ 42%]   step 262
[ 42%]   step 263
[ 42%]   step 264
[ 43%]   step 265
[ 43%]   step 266
[ 43%]   step 267
[ 43%]   step 268
[ 43%]   step 269
[ 43%]   step 270
+SWASH is processing output request    1
[ 44%]   step 271
[ 44%]   step 272
[ 44%]   step 273
[ 44%]   step 274
[ 44%]   step 275
[ 44%]   step 276
[ 45%]   step 277
[ 45%]   step 278
[ 45%]   step 279
[ 45%]   step 280
[ 45%]   step 281
[ 45%]   step 282
[ 46%]   step 283
[ 46%]   step 284
[ 46%]   step 285
[ 46%]   step 286
[ 46%]   step 287
[ 46%]   step 288
[ 47%]   step 289
[ 47%]   step 290
+SWASH is processing output request    1
[ 47%]   step 291
[ 47%]   step 292
[ 47%]   step 293
[ 47%]   step 294
[ 48%]   step 295
[ 48%]   step 296
[ 48%]   step 297
[ 48%]   step 298
[ 48%]   step 299
[ 48%]   step 300
[ 49%]   step 301
[ 49%]   step 302
[ 49%]   step 303
[ 49%]   step 304
[ 49%]   step 305
[ 49%]   step 306
[ 50%]   step 307
[ 50%]   step 308
[ 50%]   step 309
[ 50%]   step 310
+SWASH is processing output request    1
[ 50%]   step 311
[ 50%]   step 312
[ 51%]   step 313
[ 51%]   step 314
[ 51%]   step 315
[ 51%]   step 316
[ 51%]   step 317
[ 51%]   step 318
[ 52%]   step 319
[ 52%]   step 320
[ 52%]   step 321
[ 52%]   step 322
[ 52%]   step 323
[ 52%]   step 324
[ 53%]   step 325
[ 53%]   step 326
[ 53%]   step 327
[ 53%]   step 328
[ 53%]   step 329
[ 53%]   step 330
+SWASH is processing output request    1
[ 54%]   step 331
[ 54%]   step 332
[ 54%]   step 333
[ 54%]   step 334
[ 54%]   step 335
[ 54%]   step 336
[ 55%]   step 337
[ 55%]   step 338
[ 55%]   step 339
[ 55%]   step 340
[ 55%]   step 341
[ 55%]   step 342
[ 56%]   step 343
[ 56%]   step 344
[ 56%]   step 345
[ 56%]   step 346
[ 56%]   step 347
[ 56%]   step 348
[ 57%]   step 349
[ 57%]   step 350
+SWASH is processing output request    1
[ 57%]   step 351
[ 57%]   step 352
[ 57%]   step 353
[ 57%]   step 354
[ 58%]   step 355
[ 58%]   step 356
[ 58%]   step 357
[ 58%]   step 358
[ 58%]   step 359
[ 58%]   step 360
[ 59%]   step 361
[ 59%]   step 362
[ 59%]   step 363
[ 59%]   step 364
[ 59%]   step 365
[ 59%]   step 366
[ 60%]   step 367
[ 60%]   step 368
[ 60%]   step 369
[ 60%]   step 370
+SWASH is processing output request    1
[ 60%]   step 371
[ 60%]   step 372
[ 61%]   step 373
[ 61%]   step 374
[ 61%]   step 375
[ 61%]   step 376
[ 61%]   step 377
[ 61%]   step 378
[ 62%]   step 379
[ 62%]   step 380
[ 62%]   step 381
[ 62%]   step 382
[ 62%]   step 383
[ 62%]   step 384
[ 63%]   step 385
[ 63%]   step 386
[ 63%]   step 387
[ 63%]   step 388
[ 63%]   step 389
[ 63%]   step 390
+SWASH is processing output request    1
[ 64%]   step 391
[ 64%]   step 392
[ 64%]   step 393
[ 64%]   step 394
[ 64%]   step 395
[ 64%]   step 396
[ 65%]   step 397
[ 65%]   step 398
[ 65%]   step 399
[ 65%]   step 400
[ 65%]   step 401
[ 65%]   step 402
[ 66%]   step 403
[ 66%]   step 404
[ 66%]   step 405
[ 66%]   step 406
[ 66%]   step 407
[ 66%]   step 408
[ 67%]   step 409
[ 67%]   step 410
+SWASH is processing output request    1
[ 67%]   step 411
[ 67%]   step 412
[ 67%]   step 413
[ 67%]   step 414
[ 68%]   step 415
[ 68%]   step 416
[ 68%]   step 417
[ 68%]   step 418
[ 68%]   step 419
[ 68%]   step 420
[ 69%]   step 421
[ 69%]   step 422
[ 69%]   step 423
[ 69%]   step 424
[ 69%]   step 425
[ 69%]   step 426
[ 70%]   step 427
[ 70%]   step 428
[ 70%]   step 429
[ 70%]   step 430
+SWASH is processing output request    1
[ 70%]   step 431
[ 70%]   step 432
[ 71%]   step 433
[ 71%]   step 434
[ 71%]   step 435
[ 71%]   step 436
[ 71%]   step 437
[ 71%]   step 438
[ 72%]   step 439
[ 72%]   step 440
[ 72%]   step 441
[ 72%]   step 442
[ 72%]   step 443
[ 72%]   step 444
[ 73%]   step 445
[ 73%]   step 446
[ 73%]   step 447
[ 73%]   step 448
[ 73%]   step 449
[ 73%]   step 450
+SWASH is processing output request    1
[ 74%]   step 451
[ 74%]   step 452
[ 74%]   step 453
[ 74%]   step 454
[ 74%]   step 455
[ 74%]   step 456
[ 75%]   step 457
[ 75%]   step 458
[ 75%]   step 459
[ 75%]   step 460
[ 75%]   step 461
[ 75%]   step 462
[ 76%]   step 463
[ 76%]   step 464
[ 76%]   step 465
[ 76%]   step 466
[ 76%]   step 467
[ 76%]   step 468
[ 77%]   step 469
[ 77%]   step 470
+SWASH is processing output request    1
[ 77%]   step 471
[ 77%]   step 472
[ 77%]   step 473
[ 77%]   step 474
[ 78%]   step 475
[ 78%]   step 476
[ 78%]   step 477
[ 78%]   step 478
[ 78%]   step 479
[ 78%]   step 480
[ 79%]   step 481
[ 79%]   step 482
[ 79%]   step 483
[ 79%]   step 484
[ 79%]   step 485
[ 79%]   step 486
[ 80%]   step 487
[ 80%]   step 488
[ 80%]   step 489
[ 80%]   step 490
+SWASH is processing output request    1
[ 80%]   step 491
[ 80%]   step 492
[ 81%]   step 493
[ 81%]   step 494
[ 81%]   step 495
[ 81%]   step 496
[ 81%]   step 497
[ 81%]   step 498
[ 82%]   step 499
[ 82%]   step 500
[ 82%]   step 501
[ 82%]   step 502
[ 82%]   step 503
[ 82%]   step 504
[ 83%]   step 505
[ 83%]   step 506
[ 83%]   step 507
[ 83%]   step 508
[ 83%]   step 509
[ 83%]   step 510
+SWASH is processing output request    1
[ 84%]   step 511
[ 84%]   step 512
[ 84%]   step 513
[ 84%]   step 514
[ 84%]   step 515
[ 84%]   step 516
[ 85%]   step 517
[ 85%]   step 518
[ 85%]   step 519
[ 85%]   step 520
[ 85%]   step 521
[ 85%]   step 522
[ 86%]   step 523
[ 86%]   step 524
[ 86%]   step 525
[ 86%]   step 526
[ 86%]   step 527
[ 86%]   step 528
[ 87%]   step 529
[ 87%]   step 530
+SWASH is processing output request    1
[ 87%]   step 531
[ 87%]   step 532
[ 87%]   step 533
[ 87%]   step 534
[ 88%]   step 535
[ 88%]   step 536
[ 88%]   step 537
[ 88%]   step 538
[ 88%]   step 539
[ 88%]   step 540
[ 89%]   step 541
[ 89%]   step 542
[ 89%]   step 543
[ 89%]   step 544
[ 89%]   step 545
[ 89%]   step 546
[ 90%]   step 547
[ 90%]   step 548
[ 90%]   step 549
[ 90%]   step 550
+SWASH is processing output request    1
[ 90%]   step 551
[ 90%]   step 552
[ 91%]   step 553
[ 91%]   step 554
[ 91%]   step 555
[ 91%]   step 556
[ 91%]   step 557
[ 91%]   step 558
[ 92%]   step 559
[ 92%]   step 560
[ 92%]   step 561
[ 92%]   step 562
[ 92%]   step 563
[ 92%]   step 564
[ 93%]   step 565
[ 93%]   step 566
[ 93%]   step 567
[ 93%]   step 568
[ 93%]   step 569
[ 93%]   step 570
+SWASH is processing output request    1
[ 94%]   step 571
[ 94%]   step 572
[ 94%]   step 573
[ 94%]   step 574
[ 94%]   step 575
[ 94%]   step 576
[ 95%]   step 577
[ 95%]   step 578
[ 95%]   step 579
[ 95%]   step 580
[ 95%]   step 581
[ 95%]   step 582
[ 96%]   step 583
[ 96%]   step 584
[ 96%]   step 585
[ 96%]   step 586
[ 96%]   step 587
[ 96%]   step 588
[ 97%]   step 589
[ 97%]   step 590
+SWASH is processing output request    1
[ 97%]   step 591
[ 97%]   step 592
[ 97%]   step 593
[ 97%]   step 594
[ 98%]   step 595
[ 98%]   step 596
[ 98%]   step 597
[ 98%]   step 598
[ 98%]   step 599
[ 98%]   step 600
[ 99%]   step 601
[ 99%]   step 602
[ 99%]   step 603
[ 99%]   step 604
[ 99%]   step 605
[ 99%]   step 606
[100%]   step 607
[100%]   step 608
[100%]   step 609
[100%]   step 610
+SWASH is processing output request    1
